2025-11-15 13:23:08,359 - src.utils - INFO - 日志系统初始化完成，日志文件: logs\car_price_prediction_20251115_132308.log
2025-11-15 13:23:08,359 - src.utils - INFO - 开始二手车价格预测任务
2025-11-15 13:23:08,360 - src.data_processor - INFO - 开始加载数据...
2025-11-15 13:23:09,952 - src.data_processor - INFO - 训练数据加载成功: (150000, 31)
2025-11-15 13:23:10,474 - src.data_processor - INFO - 测试数据A加载成功: (50000, 30)
2025-11-15 13:23:10,513 - src.data_processor - WARNING - 测试数据B文件不存在，使用示例数据
2025-11-15 13:23:10,525 - src.data_processor - INFO - 合并后测试数据: (100000, 30)
2025-11-15 13:23:10,528 - src.data_processor - INFO - 开始数据清洗...
2025-11-15 13:23:10,661 - src.data_processor - INFO - 数据清洗完成
2025-11-15 13:23:10,661 - src.data_processor - INFO - 预处理完成 - 训练数据: (150000, 31), 测试数据: (100000, 30)
2025-11-15 13:23:10,662 - src.feature_engineer - INFO - 开始特征工程...
2025-11-15 13:23:10,717 - src.feature_engineer - INFO - 创建时间特征...
2025-11-15 13:23:10,734 - src.feature_engineer - INFO - 创建时间特征...
2025-11-15 13:23:10,741 - src.feature_engineer - INFO - 创建交互特征...
2025-11-15 13:23:10,928 - src.feature_engineer - INFO - 创建交互特征...
2025-11-15 13:23:11,043 - src.feature_engineer - INFO - 创建统计特征...
2025-11-15 13:23:11,239 - src.feature_engineer - INFO - 创建统计特征...
2025-11-15 13:23:11,359 - src.feature_engineer - INFO - 编码类别特征...
2025-11-15 13:23:13,229 - src.feature_engineer - INFO - 创建目标编码特征...
2025-11-15 13:23:13,399 - src.feature_engineer - INFO - 特征工程完成 - 特征数量: 56
2025-11-15 13:23:13,400 - src.feature_engineer - INFO - 训练数据形状: (150000, 56), 测试数据形状: (100000, 56)
2025-11-15 13:23:13,415 - src.model_trainer - INFO - 开始训练所有模型...
2025-11-15 13:23:13,415 - src.model_trainer - INFO - 开始训练 LightGBM 模型...
2025-11-15 13:23:13,479 - src.model_trainer - ERROR - LightGBM 训练失败: pandas dtypes must be int, float or bool.
Fields with bad pandas dtypes: notRepairedDamage: object, region_brand: object, brand_model: object
2025-11-15 13:23:13,489 - src.model_trainer - INFO - 开始训练 XGBoost 模型...
2025-11-15 13:23:13,556 - src.model_trainer - ERROR - XGBoost 训练失败: DataFrame.dtypes for data must be int, float, bool or category. When categorical type is supplied, the experimental DMatrix parameter`enable_categorical` must be set to `True`.  Invalid columns:notRepairedDamage: object, region_brand: object, brand_model: object
2025-11-15 13:23:13,557 - src.model_trainer - INFO - 开始训练 CatBoost 模型...
2025-11-15 13:23:13,669 - src.model_trainer - ERROR - CatBoost 训练失败: Bad value for num_feature[non_default_doc_idx=0,feature_idx=29]="4366_1": Cannot convert '4366_1' to float
2025-11-15 13:23:13,679 - src.model_trainer - INFO - 所有模型训练完成
2025-11-15 13:23:13,680 - src.model_ensemble - INFO - 开始模型融合预测...
2025-11-15 13:23:13,680 - src.utils - ERROR - 任务执行失败: 没有可用的模型进行预测
Traceback (most recent call last):
  File "E:\AI_Code\阿里云天池比赛\二手车价格预测比赛\main.py", line 59, in main
    predictions = ensemble.predict(X_test)
  File "E:\AI_Code\阿里云天池比赛\二手车价格预测比赛\src\model_ensemble.py", line 67, in predict
    raise ValueError("没有可用的模型进行预测")
ValueError: 没有可用的模型进行预测
