2025-11-15 15:08:26,342 - src.utils - INFO - 日志系统初始化完成，日志文件: logs\car_price_prediction_20251115_150826.log
2025-11-15 15:08:26,342 - src.utils - INFO - 开始二手车价格预测任务
2025-11-15 15:08:26,343 - src.data_processor - INFO - 开始加载数据...
2025-11-15 15:08:26,894 - src.data_processor - INFO - 训练数据加载成功: (150000, 31)
2025-11-15 15:08:27,078 - src.data_processor - INFO - 测试数据A加载成功: (50000, 30)
2025-11-15 15:08:27,261 - src.data_processor - INFO - 测试数据B加载成功: (50000, 30) (文件: used_car_testB_20200421.csv)
2025-11-15 15:08:27,276 - src.data_processor - INFO - 合并后测试数据: (100000, 30)
2025-11-15 15:08:27,279 - src.data_processor - INFO - 开始数据清洗...
2025-11-15 15:08:27,444 - src.data_processor - INFO - 数据清洗完成
2025-11-15 15:08:27,444 - src.data_processor - INFO - 开始数据清洗...
2025-11-15 15:08:27,546 - src.data_processor - INFO - 数据清洗完成
2025-11-15 15:08:27,547 - src.data_processor - INFO - 预处理完成 - 训练数据: (150000, 31), 测试数据: (100000, 30)
2025-11-15 15:08:27,547 - src.feature_engineer - INFO - 开始特征工程...
2025-11-15 15:08:27,585 - src.feature_engineer - INFO - 创建时间特征...
2025-11-15 15:08:27,601 - src.feature_engineer - INFO - 创建时间特征...
2025-11-15 15:08:27,609 - src.feature_engineer - INFO - 创建交互特征...
2025-11-15 15:08:27,747 - src.feature_engineer - INFO - 创建交互特征...
2025-11-15 15:08:27,825 - src.feature_engineer - INFO - 创建统计特征...
2025-11-15 15:08:28,021 - src.feature_engineer - INFO - 创建统计特征...
2025-11-15 15:08:28,158 - src.feature_engineer - INFO - 编码类别特征...
2025-11-15 15:08:29,795 - src.feature_engineer - INFO - 创建目标编码特征...
2025-11-15 15:08:29,902 - src.feature_engineer - INFO - 特征工程完成 - 特征数量: 44
2025-11-15 15:08:29,903 - src.feature_engineer - INFO - 训练数据形状: (150000, 44), 测试数据形状: (100000, 44)
2025-11-15 15:08:29,915 - src.model_trainer - INFO - 开始训练所有模型...
2025-11-15 15:08:29,915 - src.model_trainer - INFO - 开始训练 LightGBM 模型...
2025-11-15 15:08:36,473 - src.model_trainer - INFO - LightGBM Fold 1 MAE: 570.5332
2025-11-15 15:08:43,633 - src.model_trainer - INFO - LightGBM Fold 2 MAE: 565.5799
2025-11-15 15:08:49,878 - src.model_trainer - INFO - LightGBM Fold 3 MAE: 568.7866
2025-11-15 15:08:55,899 - src.model_trainer - INFO - LightGBM Fold 4 MAE: 561.4570
2025-11-15 15:09:02,086 - src.model_trainer - INFO - LightGBM Fold 5 MAE: 565.0758
2025-11-15 15:09:02,087 - src.model_trainer - INFO - LightGBM 平均 MAE: 566.2865 (+/- 6.2976)
2025-11-15 15:09:02,094 - src.model_trainer - INFO - 开始训练 XGBoost 模型...
2025-11-15 15:09:11,515 - src.model_trainer - INFO - XGBoost Fold 1 MAE: 541.8657
2025-11-15 15:09:20,705 - src.model_trainer - INFO - XGBoost Fold 2 MAE: 539.0959
2025-11-15 15:09:31,273 - src.model_trainer - INFO - XGBoost Fold 3 MAE: 539.8181
2025-11-15 15:09:40,714 - src.model_trainer - INFO - XGBoost Fold 4 MAE: 530.5964
2025-11-15 15:09:50,355 - src.model_trainer - INFO - XGBoost Fold 5 MAE: 528.7073
2025-11-15 15:09:50,356 - src.model_trainer - INFO - XGBoost 平均 MAE: 536.0167 (+/- 10.6188)
2025-11-15 15:09:50,362 - src.model_trainer - INFO - 开始训练 CatBoost 模型...
2025-11-15 15:10:37,292 - src.model_trainer - INFO - CatBoost Fold 1 MAE: 583.0417
2025-11-15 15:11:16,628 - src.model_trainer - INFO - CatBoost Fold 2 MAE: 585.2731
2025-11-15 15:12:17,690 - src.model_trainer - INFO - CatBoost Fold 3 MAE: 567.5375
2025-11-15 15:13:14,742 - src.model_trainer - INFO - CatBoost Fold 4 MAE: 575.7811
2025-11-15 15:14:15,951 - src.model_trainer - INFO - CatBoost Fold 5 MAE: 574.5761
2025-11-15 15:14:15,952 - src.model_trainer - INFO - CatBoost 平均 MAE: 577.2419 (+/- 12.6982)
2025-11-15 15:14:15,969 - src.model_trainer - INFO - 所有模型训练完成
2025-11-15 15:14:15,970 - src.model_trainer - INFO - lightgbm: MAE=566.2865, Weight=0.329
2025-11-15 15:14:15,972 - src.model_trainer - INFO - xgboost: MAE=536.0167, Weight=0.348
2025-11-15 15:14:15,972 - src.model_trainer - INFO - catboost: MAE=577.2419, Weight=0.323
2025-11-15 15:14:15,976 - src.model_ensemble - INFO - 开始模型融合预测...
2025-11-15 15:14:29,267 - src.model_ensemble - INFO - lightgbm 预测完成，权重: 0.329
2025-11-15 15:14:30,825 - src.model_ensemble - INFO - xgboost 预测完成，权重: 0.348
2025-11-15 15:14:30,977 - src.model_ensemble - INFO - catboost 预测完成，权重: 0.323
2025-11-15 15:14:30,978 - src.model_ensemble - INFO - lightgbm 融合权重: 0.329
2025-11-15 15:14:30,978 - src.model_ensemble - INFO - xgboost 融合权重: 0.348
2025-11-15 15:14:30,978 - src.model_ensemble - INFO - catboost 融合权重: 0.323
2025-11-15 15:14:30,979 - src.model_ensemble - INFO - 模型融合预测完成
2025-11-15 15:14:30,981 - src.model_ensemble - INFO - 保存提交文件...
2025-11-15 15:14:31,716 - src.model_ensemble - INFO - 提交文件已保存到: output\submission.csv
2025-11-15 15:14:31,717 - src.model_ensemble - INFO - 预测价格统计:
2025-11-15 15:14:31,717 - src.model_ensemble - INFO -   最小值: -448.71
2025-11-15 15:14:31,718 - src.model_ensemble - INFO -   最大值: 86771.89
2025-11-15 15:14:31,718 - src.model_ensemble - INFO -   平均值: 5869.60
2025-11-15 15:14:31,719 - src.model_ensemble - INFO -   中位数: 3249.94
