2025-11-17 19:56:40,934 - src.utils - INFO - 日志系统初始化完成，日志文件: logs\car_price_prediction_20251117_195640.log
2025-11-17 19:56:40,935 - src.utils - INFO - 开始二手车价格预测任务
2025-11-17 19:56:40,937 - src.data_processor - INFO - 开始加载数据...
2025-11-17 19:56:42,695 - src.data_processor - INFO - 训练数据加载成功: (150000, 31)
2025-11-17 19:56:42,987 - src.data_processor - INFO - 测试数据A加载成功: (50000, 30)
2025-11-17 19:56:43,289 - src.data_processor - INFO - 测试数据B加载成功: (50000, 30) (文件: used_car_testB_20200421.csv)
2025-11-17 19:56:43,306 - src.data_processor - INFO - 合并后测试数据: (100000, 30)
2025-11-17 19:56:43,311 - src.data_processor - INFO - 开始数据清洗...
2025-11-17 19:56:43,539 - src.data_processor - INFO - 数据清洗完成
2025-11-17 19:56:43,539 - src.data_processor - INFO - 开始数据清洗...
2025-11-17 19:56:43,649 - src.data_processor - INFO - 数据清洗完成
2025-11-17 19:56:43,650 - src.data_processor - INFO - 预处理完成 - 训练数据: (150000, 31), 测试数据: (100000, 30)
2025-11-17 19:56:43,650 - src.feature_engineer - INFO - 开始特征工程...
2025-11-17 19:56:43,713 - src.feature_engineer - INFO - 创建时间特征...
2025-11-17 19:56:43,736 - src.feature_engineer - INFO - 创建时间特征...
2025-11-17 19:56:43,749 - src.feature_engineer - INFO - 创建交互特征...
2025-11-17 19:56:43,986 - src.feature_engineer - INFO - 创建交互特征...
2025-11-17 19:56:44,145 - src.feature_engineer - INFO - 创建统计特征...
2025-11-17 19:56:44,410 - src.feature_engineer - INFO - 创建统计特征...
2025-11-17 19:56:44,573 - src.feature_engineer - INFO - 编码类别特征...
2025-11-17 19:56:46,520 - src.feature_engineer - INFO - 创建目标编码特征...
2025-11-17 19:56:46,748 - src.feature_engineer - INFO - 特征工程完成 - 特征数量: 55
2025-11-17 19:56:46,748 - src.feature_engineer - INFO - 训练数据形状: (150000, 55), 测试数据形状: (100000, 55)
2025-11-17 19:56:46,778 - src.model_trainer - INFO - 开始训练所有模型...
2025-11-17 19:56:46,778 - src.model_trainer - INFO - 开始训练 LightGBM 模型...
2025-11-17 19:57:52,486 - src.model_trainer - INFO - LightGBM Fold 1 MAE: 527.5901
2025-11-17 19:59:16,153 - src.model_trainer - INFO - LightGBM Fold 2 MAE: 523.4419
2025-11-17 19:59:45,321 - src.model_trainer - INFO - LightGBM Fold 3 MAE: 523.4107
2025-11-17 20:00:09,822 - src.model_trainer - INFO - LightGBM Fold 4 MAE: 516.4751
2025-11-17 20:00:39,895 - src.model_trainer - INFO - LightGBM Fold 5 MAE: 514.6255
2025-11-17 20:00:39,896 - src.model_trainer - INFO - LightGBM 平均 MAE: 521.1086 (+/- 9.6438)
2025-11-17 20:00:39,907 - src.model_trainer - INFO - 开始训练 XGBoost 模型...
2025-11-17 20:01:24,721 - src.model_trainer - INFO - XGBoost Fold 1 MAE: 509.3713
2025-11-17 20:02:06,365 - src.model_trainer - INFO - XGBoost Fold 2 MAE: 504.6435
2025-11-17 20:02:47,665 - src.model_trainer - INFO - XGBoost Fold 3 MAE: 499.4817
2025-11-17 20:03:28,645 - src.model_trainer - INFO - XGBoost Fold 4 MAE: 493.6409
2025-11-17 20:04:09,607 - src.model_trainer - INFO - XGBoost Fold 5 MAE: 494.4184
2025-11-17 20:04:09,608 - src.model_trainer - INFO - XGBoost 平均 MAE: 500.3112 (+/- 12.0253)
2025-11-17 20:04:09,618 - src.model_trainer - INFO - 所有模型训练完成
2025-11-17 20:04:09,618 - src.model_trainer - INFO - lightgbm: MAE=521.1086, Weight=0.490
2025-11-17 20:04:09,618 - src.model_trainer - INFO - xgboost: MAE=500.3112, Weight=0.510
2025-11-17 20:04:09,619 - src.model_ensemble - INFO - 开始模型融合预测...
2025-11-17 20:04:22,449 - src.model_ensemble - INFO - lightgbm 预测完成，权重: 0.490
2025-11-17 20:04:26,380 - src.model_ensemble - INFO - xgboost 预测完成，权重: 0.510
2025-11-17 20:04:26,381 - src.model_ensemble - INFO - lightgbm 融合权重: 0.490
2025-11-17 20:04:26,381 - src.model_ensemble - INFO - xgboost 融合权重: 0.510
2025-11-17 20:04:26,381 - src.model_ensemble - INFO - 模型融合预测完成
2025-11-17 20:04:26,382 - src.model_ensemble - INFO - 保存提交文件...
2025-11-17 20:04:27,089 - src.model_ensemble - INFO - 提交文件已保存到: output\submission.csv
2025-11-17 20:04:27,089 - src.model_ensemble - INFO - 预测价格统计:
2025-11-17 20:04:27,090 - src.model_ensemble - INFO -   最小值: -467.15
2025-11-17 20:04:27,090 - src.model_ensemble - INFO -   最大值: 90539.63
2025-11-17 20:04:27,090 - src.model_ensemble - INFO -   平均值: 5897.75
2025-11-17 20:04:27,092 - src.model_ensemble - INFO -   中位数: 3257.37
