2025-11-15 14:40:06,835 - src.utils - INFO - 日志系统初始化完成，日志文件: logs\car_price_prediction_20251115_144006.log
2025-11-15 14:40:06,836 - src.utils - INFO - 开始二手车价格预测任务
2025-11-15 14:40:06,837 - src.data_processor - INFO - 开始加载数据...
2025-11-15 14:40:07,446 - src.data_processor - INFO - 训练数据加载成功: (150000, 31)
2025-11-15 14:40:07,637 - src.data_processor - INFO - 测试数据A加载成功: (50000, 30)
2025-11-15 14:40:07,812 - src.data_processor - INFO - 测试数据B加载成功: (50000, 30) (文件: used_car_testB_20200421.csv)
2025-11-15 14:40:07,825 - src.data_processor - INFO - 合并后测试数据: (100000, 30)
2025-11-15 14:40:07,828 - src.data_processor - INFO - 开始数据清洗...
2025-11-15 14:40:07,992 - src.data_processor - INFO - 数据清洗完成
2025-11-15 14:40:07,992 - src.data_processor - INFO - 开始数据清洗...
2025-11-15 14:40:08,058 - src.data_processor - INFO - 数据清洗完成
2025-11-15 14:40:08,058 - src.data_processor - INFO - 预处理完成 - 训练数据: (150000, 31), 测试数据: (100000, 30)
2025-11-15 14:40:08,058 - src.feature_engineer - INFO - 开始特征工程...
2025-11-15 14:40:08,107 - src.feature_engineer - INFO - 创建时间特征...
2025-11-15 14:40:08,125 - src.feature_engineer - INFO - 创建时间特征...
2025-11-15 14:40:08,133 - src.feature_engineer - INFO - 创建交互特征...
2025-11-15 14:40:08,370 - src.feature_engineer - INFO - 创建交互特征...
2025-11-15 14:40:08,515 - src.feature_engineer - INFO - 创建统计特征...
2025-11-15 14:40:08,737 - src.feature_engineer - INFO - 创建统计特征...
2025-11-15 14:40:08,867 - src.feature_engineer - INFO - 编码类别特征...
2025-11-15 14:40:10,828 - src.feature_engineer - INFO - 创建目标编码特征...
2025-11-15 14:40:11,008 - src.feature_engineer - INFO - 特征工程完成 - 特征数量: 54
2025-11-15 14:40:11,008 - src.feature_engineer - INFO - 训练数据形状: (150000, 54), 测试数据形状: (100000, 54)
2025-11-15 14:40:11,050 - src.model_trainer - INFO - 开始训练所有模型...
2025-11-15 14:40:11,051 - src.model_trainer - INFO - 开始训练 LightGBM 模型...
2025-11-15 14:40:31,336 - src.model_trainer - INFO - LightGBM Fold 1 MAE: 497.0315
2025-11-15 14:40:50,805 - src.model_trainer - INFO - LightGBM Fold 2 MAE: 493.5150
2025-11-15 14:41:11,690 - src.model_trainer - INFO - LightGBM Fold 3 MAE: 496.2960
2025-11-15 14:41:34,757 - src.model_trainer - INFO - LightGBM Fold 4 MAE: 482.9875
2025-11-15 14:41:55,828 - src.model_trainer - INFO - LightGBM Fold 5 MAE: 488.9997
2025-11-15 14:41:55,828 - src.model_trainer - INFO - LightGBM 平均 MAE: 491.7659 (+/- 10.4314)
2025-11-15 14:41:55,842 - src.model_trainer - INFO - 开始训练 XGBoost 模型...
2025-11-15 14:42:31,208 - src.model_trainer - INFO - XGBoost Fold 1 MAE: 476.7167
2025-11-15 14:43:12,273 - src.model_trainer - INFO - XGBoost Fold 2 MAE: 471.4886
2025-11-15 14:43:51,754 - src.model_trainer - INFO - XGBoost Fold 3 MAE: 472.5413
2025-11-15 14:44:27,075 - src.model_trainer - INFO - XGBoost Fold 4 MAE: 461.8944
