2025-11-15 14:46:08,973 - src.utils - INFO - 日志系统初始化完成，日志文件: logs\car_price_prediction_20251115_144608.log
2025-11-15 14:46:08,974 - src.utils - INFO - 开始二手车价格预测任务
2025-11-15 14:46:08,975 - src.data_processor - INFO - 开始加载数据...
2025-11-15 14:46:10,683 - src.data_processor - INFO - 训练数据加载成功: (150000, 31)
2025-11-15 14:46:10,897 - src.data_processor - INFO - 测试数据A加载成功: (50000, 30)
2025-11-15 14:46:11,115 - src.data_processor - INFO - 测试数据B加载成功: (50000, 30) (文件: used_car_testB_20200421.csv)
2025-11-15 14:46:11,115 - src.data_processor - INFO - 最终测试数据(testB): (50000, 30)
2025-11-15 14:46:11,118 - src.data_processor - INFO - 开始数据清洗...
2025-11-15 14:46:11,313 - src.data_processor - INFO - 数据清洗完成
2025-11-15 14:46:11,314 - src.data_processor - INFO - 开始数据清洗...
2025-11-15 14:46:11,362 - src.data_processor - INFO - 数据清洗完成
2025-11-15 14:46:11,362 - src.data_processor - INFO - 预处理完成 - 训练数据: (150000, 31), 测试数据: (50000, 30)
2025-11-15 14:46:11,362 - src.feature_engineer - INFO - 开始特征工程...
2025-11-15 14:46:11,387 - src.feature_engineer - INFO - 创建时间特征...
2025-11-15 14:46:11,408 - src.feature_engineer - INFO - 创建时间特征...
2025-11-15 14:46:11,417 - src.feature_engineer - INFO - 创建交互特征...
2025-11-15 14:46:11,692 - src.feature_engineer - INFO - 创建交互特征...
2025-11-15 14:46:11,767 - src.feature_engineer - INFO - 创建统计特征...
2025-11-15 14:46:12,019 - src.feature_engineer - INFO - 创建统计特征...
2025-11-15 14:46:12,082 - src.feature_engineer - INFO - 编码类别特征...
2025-11-15 14:46:14,119 - src.feature_engineer - INFO - 创建目标编码特征...
2025-11-15 14:46:14,299 - src.feature_engineer - INFO - 特征工程完成 - 特征数量: 54
2025-11-15 14:46:14,299 - src.feature_engineer - INFO - 训练数据形状: (150000, 54), 测试数据形状: (50000, 54)
2025-11-15 14:46:14,322 - src.model_trainer - INFO - 开始训练所有模型...
2025-11-15 14:46:14,323 - src.model_trainer - INFO - 开始训练 LightGBM 模型...
2025-11-15 14:46:39,455 - src.model_trainer - INFO - LightGBM Fold 1 MAE: 496.8956
2025-11-15 14:47:06,706 - src.model_trainer - INFO - LightGBM Fold 2 MAE: 491.9868
2025-11-15 14:47:36,519 - src.model_trainer - INFO - LightGBM Fold 3 MAE: 495.5424
2025-11-15 14:47:59,455 - src.model_trainer - INFO - LightGBM Fold 4 MAE: 483.8163
2025-11-15 14:48:22,044 - src.model_trainer - INFO - LightGBM Fold 5 MAE: 487.3748
2025-11-15 14:48:22,045 - src.model_trainer - INFO - LightGBM 平均 MAE: 491.1232 (+/- 9.8402)
2025-11-15 14:48:22,059 - src.model_trainer - INFO - 开始训练 XGBoost 模型...
2025-11-15 14:48:58,461 - src.model_trainer - INFO - XGBoost Fold 1 MAE: 476.1433
2025-11-15 14:49:32,334 - src.model_trainer - INFO - XGBoost Fold 2 MAE: 470.3168
2025-11-15 14:50:05,599 - src.model_trainer - INFO - XGBoost Fold 3 MAE: 471.4505
2025-11-15 14:50:40,006 - src.model_trainer - INFO - XGBoost Fold 4 MAE: 462.5099
2025-11-15 14:51:13,479 - src.model_trainer - INFO - XGBoost Fold 5 MAE: 465.5163
2025-11-15 14:51:13,480 - src.model_trainer - INFO - XGBoost 平均 MAE: 469.1874 (+/- 9.5015)
2025-11-15 14:51:13,489 - src.model_trainer - INFO - 开始训练 CatBoost 模型...
2025-11-15 14:52:03,442 - src.model_trainer - INFO - CatBoost Fold 1 MAE: 503.1497
2025-11-15 14:52:53,462 - src.model_trainer - INFO - CatBoost Fold 2 MAE: 499.5106
2025-11-15 14:53:51,677 - src.model_trainer - INFO - CatBoost Fold 3 MAE: 498.8408
2025-11-15 14:54:40,718 - src.model_trainer - INFO - CatBoost Fold 4 MAE: 491.9085
2025-11-15 14:55:31,647 - src.model_trainer - INFO - CatBoost Fold 5 MAE: 496.4924
2025-11-15 14:55:31,648 - src.model_trainer - INFO - CatBoost 平均 MAE: 497.9804 (+/- 7.4235)
2025-11-15 14:55:31,659 - src.model_trainer - INFO - 所有模型训练完成
2025-11-15 14:55:31,659 - src.model_trainer - INFO - lightgbm: MAE=491.1232, Weight=0.330
2025-11-15 14:55:31,660 - src.model_trainer - INFO - xgboost: MAE=469.1874, Weight=0.345
2025-11-15 14:55:31,660 - src.model_trainer - INFO - catboost: MAE=497.9804, Weight=0.325
2025-11-15 14:55:31,660 - src.model_ensemble - INFO - 开始模型融合预测...
2025-11-15 14:55:36,502 - src.model_ensemble - INFO - lightgbm 预测完成，权重: 0.330
2025-11-15 14:55:38,750 - src.model_ensemble - INFO - xgboost 预测完成，权重: 0.345
2025-11-15 14:55:38,952 - src.model_ensemble - INFO - catboost 预测完成，权重: 0.325
2025-11-15 14:55:38,953 - src.model_ensemble - INFO - lightgbm 融合权重: 0.330
2025-11-15 14:55:38,953 - src.model_ensemble - INFO - xgboost 融合权重: 0.345
2025-11-15 14:55:38,954 - src.model_ensemble - INFO - catboost 融合权重: 0.325
2025-11-15 14:55:38,954 - src.model_ensemble - INFO - 模型融合预测完成
2025-11-15 14:55:38,955 - src.model_ensemble - INFO - 保存提交文件...
2025-11-15 14:55:39,269 - src.model_ensemble - INFO - 提交文件已保存到: output\submission.csv
2025-11-15 14:55:39,269 - src.model_ensemble - INFO - 预测价格统计:
2025-11-15 14:55:39,269 - src.model_ensemble - INFO -   最小值: -143.61
2025-11-15 14:55:39,270 - src.model_ensemble - INFO -   最大值: 41243.32
2025-11-15 14:55:39,270 - src.model_ensemble - INFO -   平均值: 5748.64
2025-11-15 14:55:39,272 - src.model_ensemble - INFO -   中位数: 3238.82
