2025-11-17 19:23:40,357 - src.utils - INFO - 日志系统初始化完成，日志文件: logs\car_price_prediction_20251117_192340.log
2025-11-17 19:23:40,358 - src.utils - INFO - 开始二手车价格预测任务
2025-11-17 19:23:40,360 - src.data_processor - INFO - 开始加载数据...
2025-11-17 19:23:42,352 - src.data_processor - INFO - 训练数据加载成功: (150000, 31)
2025-11-17 19:23:42,706 - src.data_processor - INFO - 测试数据A加载成功: (50000, 30)
2025-11-17 19:23:43,436 - src.data_processor - INFO - 测试数据B加载成功: (50000, 30) (文件: used_car_testB_20200421.csv)
2025-11-17 19:23:43,459 - src.data_processor - INFO - 合并后测试数据: (100000, 30)
2025-11-17 19:23:43,463 - src.data_processor - INFO - 开始数据清洗...
2025-11-17 19:23:43,708 - src.data_processor - INFO - 数据清洗完成
2025-11-17 19:23:43,709 - src.data_processor - INFO - 开始数据清洗...
2025-11-17 19:23:43,852 - src.data_processor - INFO - 数据清洗完成
2025-11-17 19:23:43,853 - src.data_processor - INFO - 预处理完成 - 训练数据: (150000, 31), 测试数据: (100000, 30)
2025-11-17 19:23:43,854 - src.feature_engineer - INFO - 开始特征工程...
2025-11-17 19:23:43,925 - src.feature_engineer - INFO - 创建时间特征...
2025-11-17 19:23:43,952 - src.feature_engineer - INFO - 创建时间特征...
2025-11-17 19:23:43,969 - src.feature_engineer - INFO - 创建交互特征...
2025-11-17 19:23:44,369 - src.feature_engineer - INFO - 创建交互特征...
2025-11-17 19:23:44,623 - src.feature_engineer - INFO - 创建统计特征...
2025-11-17 19:23:45,015 - src.feature_engineer - INFO - 创建统计特征...
2025-11-17 19:23:45,247 - src.feature_engineer - INFO - 编码类别特征...
2025-11-17 19:23:48,994 - src.feature_engineer - INFO - 创建目标编码特征...
2025-11-17 19:23:49,295 - src.feature_engineer - INFO - 特征工程完成 - 特征数量: 49
2025-11-17 19:23:49,296 - src.feature_engineer - INFO - 训练数据形状: (150000, 49), 测试数据形状: (100000, 49)
2025-11-17 19:23:49,336 - src.model_trainer - INFO - 开始训练所有模型...
2025-11-17 19:23:49,337 - src.model_trainer - INFO - 开始训练 LightGBM 模型...
2025-11-17 19:24:38,598 - src.model_trainer - INFO - LightGBM Fold 1 MAE: 543.7190
2025-11-17 19:25:32,142 - src.model_trainer - INFO - LightGBM Fold 2 MAE: 542.2672
2025-11-17 19:26:24,864 - src.model_trainer - INFO - LightGBM Fold 3 MAE: 538.9286
2025-11-17 19:27:13,851 - src.model_trainer - INFO - LightGBM Fold 4 MAE: 529.0226
2025-11-17 19:28:04,321 - src.model_trainer - INFO - LightGBM Fold 5 MAE: 532.3872
2025-11-17 19:28:04,322 - src.model_trainer - INFO - LightGBM 平均 MAE: 537.2649 (+/- 11.3551)
2025-11-17 19:28:04,335 - src.model_trainer - INFO - 开始训练 XGBoost 模型...
2025-11-17 19:29:07,690 - src.model_trainer - INFO - XGBoost Fold 1 MAE: 524.2803
2025-11-17 19:29:51,894 - src.model_trainer - INFO - XGBoost Fold 2 MAE: 522.1367
2025-11-17 19:30:12,484 - src.model_trainer - INFO - XGBoost Fold 3 MAE: 521.1859
2025-11-17 19:30:33,312 - src.model_trainer - INFO - XGBoost Fold 4 MAE: 514.3575
2025-11-17 19:30:54,866 - src.model_trainer - INFO - XGBoost Fold 5 MAE: 514.6699
2025-11-17 19:30:54,867 - src.model_trainer - INFO - XGBoost 平均 MAE: 519.3260 (+/- 8.1127)
2025-11-17 19:30:54,879 - src.model_trainer - INFO - 所有模型训练完成
2025-11-17 19:30:54,880 - src.model_trainer - INFO - lightgbm: MAE=537.2649, Weight=0.492
2025-11-17 19:30:54,880 - src.model_trainer - INFO - xgboost: MAE=519.3260, Weight=0.508
2025-11-17 19:30:54,880 - src.model_ensemble - INFO - 开始模型融合预测...
2025-11-17 19:31:03,394 - src.model_ensemble - INFO - lightgbm 预测完成，权重: 0.492
2025-11-17 19:31:05,938 - src.model_ensemble - INFO - xgboost 预测完成，权重: 0.508
2025-11-17 19:31:05,940 - src.model_ensemble - INFO - lightgbm 融合权重: 0.492
2025-11-17 19:31:05,942 - src.model_ensemble - INFO - xgboost 融合权重: 0.508
2025-11-17 19:31:05,942 - src.model_ensemble - INFO - 模型融合预测完成
2025-11-17 19:31:05,944 - src.model_ensemble - INFO - 保存提交文件...
2025-11-17 19:31:06,675 - src.model_ensemble - INFO - 提交文件已保存到: output\submission.csv
2025-11-17 19:31:06,676 - src.model_ensemble - INFO - 预测价格统计:
2025-11-17 19:31:06,676 - src.model_ensemble - INFO -   最小值: -628.15
2025-11-17 19:31:06,676 - src.model_ensemble - INFO -   最大值: 91759.89
2025-11-17 19:31:06,677 - src.model_ensemble - INFO -   平均值: 5894.46
2025-11-17 19:31:06,678 - src.model_ensemble - INFO -   中位数: 3253.29
